
> jutar-pos@0.1.0 build D:\Portofolio\Jutar
> next build

笆ｲ Next.js 16.2.1 (Turbopack)
- Environments: .env.local

pnpm.exe : 笞 The 
"middleware" file 
convention is deprecated. 
Please use "proxy" 
instead. Learn more: https
://nextjs.org/docs/message
s/middleware-to-proxy
At C:\Users\bagas\AppData\
Local\pnpm\pnpm.ps1:14 
char:3
+   & "$basedir/.tools/@pn
pm+exe/10.13.1/node_module
s/@pnpm/win-x64/pnp ...
+   ~~~~~~~~~~~~~~~~~~~~~~
~~~~~~~~~~~~~~~~~~~~~~~~~~
~~~~~~~~~~~~~~~~~~~
    + CategoryInfo        
      : NotSpecified: (笞  
   The "middlew...lewa   
 re-to-proxy:String) [    
], RemoteException
    + FullyQualifiedError 
   Id : NativeCommandErr  
  or
 
  Creating an optimized production build ...

> Build error occurred
Error: Turbopack build 
failed with 2 errors:
./src/utils/supabase/serve
r.ts:2:1
You're importing a module 
that depends on 
"next/headers". This API 
is only available in 
Server Components in the 
App Router, but you are 
using it in the Pages 
Router.
    Learn more: https://ne
xtjs.org/docs/app/building
-your-application/renderin
g/server-components
  [90m1 |[0m 
[36mimport[0m { 
createServerClient } 
[36mfrom[0m 
[32m"@supabase/ssr"[0m;
[31m[1m>[0m [90m2 
|[0m [36mimport[0m { 
cookies } [36mfrom[0m 
[32m"next/headers"[0m;
  [90m  |[0m [31m[1m^^
^^^^^^^^^^^^^^^^^^^^^^^^^^
^^^^^^^^^^^[0m
  [90m3 |[0m
  [90m4 |[0m 
[36mexport[0m 
[36masync[0m 
[36mfunction[0m 
createClient() {
  [90m5 |[0m   
[36mconst[0m 
cookieStore = 
[36mawait[0m cookies();

Ecmascript file had an 
error

Import traces:
  #1 [Server Component]:
    ./src/utils/supabase/s
erver.ts
    
./src/app/admin/page.tsx

  #2 [Server Component]:
    ./src/utils/supabase/s
erver.ts
    
./src/app/login/actions.ts

  #3 [Client Component 
Browser]:
    ./src/utils/supabase/s
erver.ts [Client 
Component Browser]
    ./src/actions/inventor
y-actions.ts [Client 
Component Browser]
    ./src/components/inven
tory-dialogs.tsx [Client 
Component Browser]
    ./src/components/inven
tory-dialogs.tsx [Server 
Component]
    
./src/app/admin/page.tsx 
[Server Component]

  #4 [Client Component 
SSR]:
    ./src/utils/supabase/s
erver.ts [Client 
Component SSR]
    ./src/actions/inventor
y-actions.ts [Client 
Component SSR]
    ./src/components/inven
tory-dialogs.tsx [Client 
Component SSR]
    ./src/components/inven
tory-dialogs.tsx [Server 
Component]
    
./src/app/admin/page.tsx 
[Server Component]


./src/actions/inventory-ac
tions.ts:2:10
You're importing a module 
that depends on 
"revalidatePath". This 
API is only available in 
Server Components in the 
App Router, but you are 
using it in the Pages 
Router.
    Learn more: https://ne
xtjs.org/docs/app/building
-your-application/renderin
g/server-components
  [90m1 |[0m 
[36mimport[0m { 
createClient } 
[36mfrom[0m [32m"@/util
s/supabase/server"[0m;
[31m[1m>[0m [90m2 
|[0m [36mimport[0m { 
revalidatePath } 
[36mfrom[0m 
[32m"next/cache"[0m;
  [90m  |[0m          [
31m[1m^^^^^^^^^^^^^^[0m
  [90m3 |[0m
  [90m4 |[0m 
[36mexport[0m 
[36masync[0m 
[36mfunction[0m 
adjustInventory(
  [90m5 |[0m   
rawMaterialId: string,

Ecmascript file had an 
error

Import traces:
  Server Component:
    ./src/actions/inventor
y-actions.ts
    
./src/app/admin/page.tsx

  Client Component 
Browser:
    ./src/actions/inventor
y-actions.ts [Client 
Component Browser]
    ./src/components/inven
tory-dialogs.tsx [Client 
Component Browser]
    ./src/components/inven
tory-dialogs.tsx [Server 
Component]
    
./src/app/admin/page.tsx 
[Server Component]

  Client Component SSR:
    ./src/actions/inventor
y-actions.ts [Client 
Component SSR]
    ./src/components/inven
tory-dialogs.tsx [Client 
Component SSR]
    ./src/components/inven
tory-dialogs.tsx [Server 
Component]
    
./src/app/admin/page.tsx 
[Server Component]


    at <unknown> (./src/ut
ils/supabase/server.ts:2:1
)
    at <unknown> (./src/ac
tions/inventory-actions.ts
:2:10)
窶右LIFECYCLE窶・Command failed with exit code 1.
